============================= test session starts =============================
platform win32 -- Python 3.13.4, pytest-9.0.2, pluggy-1.6.0 -- D:\Git\WebDevInstagram\.venv\Scripts\python.exe
cachedir: .pytest_cache
rootdir: D:\Git\WebDevInstagram
configfile: pyproject.toml
plugins: anyio-4.12.1, asyncio-1.3.0, cov-7.0.0
asyncio: mode=Mode.STRICT, debug=False, asyncio_default_fixture_loop_scope=None, asyncio_default_test_loop_scope=function
collecting ... collected 3 items

tests/integration/test_api.py::test_health_check PASSED                  [ 33%]
tests/integration/test_api.py::test_root_endpoint FAILED                 [ 66%]
tests/test_main.py::test_app_initialization PASSED                       [100%]

================================== FAILURES ===================================
_____________________________ test_root_endpoint ______________________________

client = <starlette.testclient.TestClient object at 0x000002F8DAD73890>

    def test_root_endpoint(client: TestClient) -> None:
        """Test the root endpoint returns correct greeting."""
        response = client.get("/")
        assert response.status_code == 200
>       assert "Hello from DefaultPython API" in response.json()["message"]
                                                 ^^^^^^^^^^^^^^^^^^^^^^^^^^
E       KeyError: 'message'

tests\integration\test_api.py:16: KeyError
============================== warnings summary ===============================
ugram\src\application\dtos.py:13
  D:\Git\WebDevInstagram\ugram\src\application\dtos.py:13: PydanticDeprecatedSince20: Support for class-based `config` is deprecated, use ConfigDict instead. Deprecated in Pydantic V2.0 to be removed in V3.0. See Pydantic V2 Migration Guide at https://errors.pydantic.dev/2.12/migration/
    class UserProfileResponse(BaseModel):

ugram\src\application\dtos.py:46
  D:\Git\WebDevInstagram\ugram\src\application\dtos.py:46: PydanticDeprecatedSince20: Support for class-based `config` is deprecated, use ConfigDict instead. Deprecated in Pydantic V2.0 to be removed in V3.0. See Pydantic V2 Migration Guide at https://errors.pydantic.dev/2.12/migration/
    class UpdateUserProfileRequest(BaseModel):

ugram\src\application\dtos.py:79
  D:\Git\WebDevInstagram\ugram\src\application\dtos.py:79: PydanticDeprecatedSince20: Support for class-based `config` is deprecated, use ConfigDict instead. Deprecated in Pydantic V2.0 to be removed in V3.0. See Pydantic V2 Migration Guide at https://errors.pydantic.dev/2.12/migration/
    class CreateUserRequest(BaseModel):

ugram\src\application\dtos.py:103
  D:\Git\WebDevInstagram\ugram\src\application\dtos.py:103: PydanticDeprecatedSince20: Support for class-based `config` is deprecated, use ConfigDict instead. Deprecated in Pydantic V2.0 to be removed in V3.0. See Pydantic V2 Migration Guide at https://errors.pydantic.dev/2.12/migration/
    class UserListResponse(BaseModel):

-- Docs: https://docs.pytest.org/en/stable/how-to/capture-warnings.html
=========================== short test summary info ===========================
FAILED tests/integration/test_api.py::test_root_endpoint - KeyError: 'message'
=================== 1 failed, 2 passed, 4 warnings in 0.19s ===================
